// Jest Snapshot v1, https://goo.gl/fbAQLP

exports[`SimilarColorCard matches snapshot 1`] = `
<div
  class="similarColorCard"
>
  <div
    class="similarColorCard__colorArea"
  >
    <div
      class="similarColorCard__colorHalf"
      style="background-color: red;"
    />
    <div
      class="similarColorCard__colorHalf"
      style="background-color: rgb(250, 5, 5);"
    />
  </div>
  <color-names-stub
    color-hex="#FF0000"
    color-name="red"
    original-hex="#FA0505"
  />
  <div
    class="similarColorCard__comparison"
  >
    <color-difference-detail-stub
      original-value="20%"
      section-name="Luminosity"
      similar-value="21%"
    />
    <color-difference-detail-stub
      original-value="98%"
      section-name="Saturation"
      similar-value="100%"
    />
    <color-difference-detail-stub
      original-value="0°"
      section-name="Hue"
      similar-value="0°"
    />
  </div>
</div>
`;
